nohup: ignoring input
 argument  1 = tce_polar_ccsd_big.nw
  Unable to open tce_polar_ccsd_big.nw --- appending .nw
 ------------------------------------------------------------------------
 nwchem: failed to open the input file                   0
 ------------------------------------------------------------------------
 ------------------------------------------------------------------------
  current input line : 
     0: 
 ------------------------------------------------------------------------
 ------------------------------------------------------------------------
 There is an error in the input file
 ------------------------------------------------------------------------
 For more information see the NWChem manual at https://github.com/nwchemgit/nwchem/wiki


 For further details see manual section:                                                                                                                                                                                                                                                                
[0] Received an Error in Communication: (-1) 0:nwchem: failed to open the input file:
Abort(-1) on node 0 (rank 0 in comm 496): application called MPI_Abort(comm=0x84000003, -1) - process 0

===================================================================================
=   BAD TERMINATION OF ONE OF YOUR APPLICATION PROCESSES
=   RANK 0 PID 209051 RUNNING AT koothan
=   KILLED BY SIGNAL: 9 (Killed)
===================================================================================

===================================================================================
=   BAD TERMINATION OF ONE OF YOUR APPLICATION PROCESSES
=   RANK 2 PID 209053 RUNNING AT koothan
=   KILLED BY SIGNAL: 9 (Killed)
===================================================================================

===================================================================================
=   BAD TERMINATION OF ONE OF YOUR APPLICATION PROCESSES
=   RANK 3 PID 209054 RUNNING AT koothan
=   KILLED BY SIGNAL: 9 (Killed)
===================================================================================

===================================================================================
=   BAD TERMINATION OF ONE OF YOUR APPLICATION PROCESSES
=   RANK 4 PID 209055 RUNNING AT koothan
=   KILLED BY SIGNAL: 9 (Killed)
===================================================================================

===================================================================================
=   BAD TERMINATION OF ONE OF YOUR APPLICATION PROCESSES
=   RANK 5 PID 209056 RUNNING AT koothan
=   KILLED BY SIGNAL: 9 (Killed)
===================================================================================

===================================================================================
=   BAD TERMINATION OF ONE OF YOUR APPLICATION PROCESSES
=   RANK 6 PID 209057 RUNNING AT koothan
=   KILLED BY SIGNAL: 9 (Killed)
===================================================================================

===================================================================================
=   BAD TERMINATION OF ONE OF YOUR APPLICATION PROCESSES
=   RANK 7 PID 209058 RUNNING AT koothan
=   KILLED BY SIGNAL: 9 (Killed)
===================================================================================
