nohup: ignoring input
 argument  1 = test2_scf.nw
  NWChem w/ OpenMP: maximum threads =    1



============================== echo of input deck ==============================
#
# Test for CC, CI, MBPT codes in the TCE module
# Reference data obtained by an independent determinantal CC, CI, MBPT code are
#
# LCCD   -0.0505753360
# LCCSD  -0.0508915694
# CCD    -0.0498521356
# CCSD   -0.0501273286
# CCSDT  -0.0502322580
# CCSDTQ -0.0502556616
# QCISD  -0.0501452655
# CISD   -0.0495138383
# CISDT  -0.0496160908
# CISDTQ -0.0502556615
# MBPT2  -0.0358672469
# MBPT3  -0.0098015863
# MBPT4  -0.0030104405
#
# in units of hartree.
#
start tce_h2o

echo

geometry units bohr
H    0.000000000000000   1.079252144093028   1.474611055780858
O    0.000000000000000   0.000000000000000   0.000000000000000
H    0.000000000000000   1.079252144093028  -1.474611055780858
end

basis
H library cc-pvdz
O library cc-pvdz
end

#dft
#  xc hfexch  # or whatever functional
#  Vectors input file.movecs
#   Noscf
#end

scf
thresh 1.0e-10
tol2e 1.0e-10
singlet
rhf
end

tce
ccsd
end

task tce energy



================================================================================


                                         
                                         


             Northwest Computational Chemistry Package (NWChem) 7.0.1
             --------------------------------------------------------


                    Environmental Molecular Sciences Laboratory
                       Pacific Northwest National Laboratory
                                Richland, WA 99352

                              Copyright (c) 1994-2020
                       Pacific Northwest National Laboratory
                            Battelle Memorial Institute

             NWChem is an open-source computational chemistry package
                        distributed under the terms of the
                      Educational Community License (ECL) 2.0
             A copy of the license is included with this distribution
                              in the LICENSE.TXT file

                                  ACKNOWLEDGMENT
                                  --------------

            This software and its documentation were developed at the
            EMSL at Pacific Northwest National Laboratory, a multiprogram
            national laboratory, operated for the U.S. Department of Energy
            by Battelle under Contract Number DE-AC05-76RL01830. Support
            for this work was provided by the Department of Energy Office
            of Biological and Environmental Research, Office of Basic
            Energy Sciences, and the Office of Advanced Scientific Computing.


           Job information
           ---------------

    hostname        = koothan
    program         = /hpc/home/kowalski/nwchem/bin/LINUX64/nwchem
    date            = Wed Apr  7 15:47:32 2021

    compiled        = Sun_Jan_17_18:37:55_2021
    source          = /hpc/home/kowalski/nwchem
    nwchem branch   = 7.0.0
    nwchem revision = nwchem_on_git-2069-ga5c152f2d
    ga revision     = 5.8.0
    use scalapack   = T
    input           = test2_scf.nw
    prefix          = tce_h2o.
    data base       = ./tce_h2o.db
    status          = startup
    nproc           =        1
    time left       =     -1s



           Memory information
           ------------------

    heap     =   13107200 doubles =    100.0 Mbytes
    stack    =   13107197 doubles =    100.0 Mbytes
    global   =   26214400 doubles =    200.0 Mbytes (distinct from heap & stack)
    total    =   52428797 doubles =    400.0 Mbytes
    verify   = yes
    hardfail = no 


           Directory information
           ---------------------

  0 permanent = .
  0 scratch   = .




                                NWChem Input Module
                                -------------------


 C2V symmetry detected

          ------
          auto-z
          ------
  no constraints, skipping    0.0000000000000000     
  no constraints, skipping    0.0000000000000000     


                             Geometry "geometry" -> ""
                             -------------------------

 Output coordinates in a.u. (scale by  1.000000000 to convert to a.u.)

  No.       Tag          Charge          X              Y              Z
 ---- ---------------- ---------- -------------- -------------- --------------
    1 H                    1.0000     1.47461106     0.00000000     0.86340172
    2 O                    8.0000     0.00000000     0.00000000    -0.21585043
    3 H                    1.0000    -1.47461106     0.00000000     0.86340172

      Atomic Mass 
      ----------- 

      H                  1.007825
      O                 15.994910


 Effective nuclear repulsion energy (a.u.)       9.0948490734

            Nuclear Dipole moment (a.u.) 
            ----------------------------
        X                 Y               Z
 ---------------- ---------------- ----------------
     0.0000000000     0.0000000000     0.0000000000

      Symmetry information
      --------------------

 Group name             C2v       
 Group number             16
 Group order               4
 No. of unique centers     2

      Symmetry unique atoms

     1    2



                                Z-matrix (autoz)
                                -------- 

 Units are Angstrom for bonds and degrees for angles

      Type          Name      I     J     K     L     M      Value
      ----------- --------  ----- ----- ----- ----- ----- ----------
    1 Stretch                  1     2                       0.96700
    2 Stretch                  2     3                       0.96700
    3 Bend                     1     2     3               107.60000


            XYZ format geometry
            -------------------
     3
 geometry
 H                     0.78033062     0.00000000     0.45689254
 O                     0.00000000     0.00000000    -0.11422314
 H                    -0.78033062     0.00000000     0.45689254

 ==============================================================================
                                internuclear distances
 ------------------------------------------------------------------------------
       center one      |      center two      | atomic units |       a.u.
 ------------------------------------------------------------------------------
    2 O                |   1 H                |     1.82737  |     1.82737
    3 H                |   2 O                |     1.82737  |     1.82737
 ------------------------------------------------------------------------------
                         number of included internuclear distances:          2
 ==============================================================================



 ==============================================================================
                                 internuclear angles
 ------------------------------------------------------------------------------
        center 1       |       center 2       |       center 3       |  degrees
 ------------------------------------------------------------------------------
    1 H                |   2 O                |   3 H                |   107.60
 ------------------------------------------------------------------------------
                            number of included internuclear angles:          1
 ==============================================================================



                      Basis "ao basis" -> "" (cartesian)
                      -----
  H (Hydrogen)
  ------------
            Exponent  Coefficients 
       -------------- ---------------------------------------------------------
  1 S  1.30100000E+01  0.019685
  1 S  1.96200000E+00  0.137977
  1 S  4.44600000E-01  0.478148

  2 S  1.22000000E-01  1.000000

  3 P  7.27000000E-01  1.000000

  O (Oxygen)
  ----------
            Exponent  Coefficients 
       -------------- ---------------------------------------------------------
  1 S  1.17200000E+04  0.000710
  1 S  1.75900000E+03  0.005470
  1 S  4.00800000E+02  0.027837
  1 S  1.13700000E+02  0.104800
  1 S  3.70300000E+01  0.283062
  1 S  1.32700000E+01  0.448719
  1 S  5.02500000E+00  0.270952
  1 S  1.01300000E+00  0.015458

  2 S  1.17200000E+04 -0.000160
  2 S  1.75900000E+03 -0.001263
  2 S  4.00800000E+02 -0.006267
  2 S  1.13700000E+02 -0.025716
  2 S  3.70300000E+01 -0.070924
  2 S  1.32700000E+01 -0.165411
  2 S  5.02500000E+00 -0.116955
  2 S  1.01300000E+00  0.557368

  3 S  3.02300000E-01  1.000000

  4 P  1.77000000E+01  0.043018
  4 P  3.85400000E+00  0.228913
  4 P  1.04600000E+00  0.508728

  5 P  2.75300000E-01  1.000000

  6 D  1.18500000E+00  1.000000



 Summary of "ao basis" -> "" (cartesian)
 ------------------------------------------------------------------------------
       Tag                 Description            Shells   Functions and Types
 ---------------- ------------------------------  ------  ---------------------
 H                          cc-pvdz                  3        5   2s1p
 O                          cc-pvdz                  6       15   3s2p1d


                                 NWChem SCF Module
                                 -----------------



  ao basis        = "ao basis"
  functions       =    25
  atoms           =     3
  closed shells   =     5
  open shells     =     0
  charge          =   0.00
  wavefunction    = RHF 
  input vectors   = atomic
  output vectors  = ./tce_h2o.movecs
  use symmetry    = T
  symmetry adapt  = T


 Summary of "ao basis" -> "ao basis" (cartesian)
 ------------------------------------------------------------------------------
       Tag                 Description            Shells   Functions and Types
 ---------------- ------------------------------  ------  ---------------------
 H                          cc-pvdz                  3        5   2s1p
 O                          cc-pvdz                  6       15   3s2p1d


      Symmetry analysis of basis
      --------------------------

        a1         12
        a2          2
        b1          7
        b2          4


 Forming initial guess at       0.2s


      Superposition of Atomic Density Guess
      -------------------------------------

 Sum of atomic energies:         -75.76222910

      Non-variational initial energy
      ------------------------------

 Total energy =     -75.904061
 1-e energy   =    -121.611834
 2-e energy   =      36.612923
 HOMO         =      -0.466264
 LUMO         =       0.087457


      Symmetry analysis of molecular orbitals - initial
      -------------------------------------------------

  Numbering of irreducible representations: 

     1 a1          2 a2          3 b1          4 b2      

  Orbital symmetries:

     1 a1          2 a1          3 b1          4 a1          5 b2      
     6 a1          7 b1          8 b1          9 a1         10 a1      
    11 b2         12 b1         13 a1         14 a2         15 b2      


 Starting SCF solution at       0.2s



 ----------------------------------------------
         Quadratically convergent ROHF

 Convergence threshold     :          1.000E-10
 Maximum no. of iterations :           30
 Final Fock-matrix accuracy:          1.000E-10
 ----------------------------------------------


              iter       energy          gnorm     gmax       time
             ----- ------------------- --------- --------- --------
                 1      -75.9913992761  8.35D-01  3.68D-01      0.1
                 2      -76.0237890560  1.81D-01  7.93D-02      0.2
                 3      -76.0261014016  1.50D-02  6.62D-03      0.2
                 4      -76.0261183701  2.99D-05  1.50D-05      0.3
                 5      -76.0261183702  2.16D-10  1.11D-10      0.5
                 6      -76.0261183702  3.51D-12  1.98D-12      0.5


       Final RHF  results 
       ------------------ 

         Total SCF energy =    -76.026118370200
      One-electron energy =   -122.978262349086
      Two-electron energy =     37.857294905481
 Nuclear repulsion energy =      9.094849073405

        Time for solution =      0.4s



       Symmetry analysis of molecular orbitals - final
       -----------------------------------------------

  Numbering of irreducible representations: 

     1 a1          2 a2          3 b1          4 b2      

  Orbital symmetries:

     1 a1          2 a1          3 b1          4 a1          5 b2      
     6 a1          7 b1          8 b1          9 a1         10 a1      
    11 b2         12 b1         13 a1         14 a2         15 b2      

             Final eigenvalues
             -----------------

              1      
    1  -20.5518
    2   -1.3296
    3   -0.7000
    4   -0.5588
    5   -0.4917
    6    0.1822
    7    0.2543
    8    0.7931
    9    0.8310
   10    1.1587
   11    1.2008
   12    1.2504
   13    1.4461
   14    1.4640
   15    1.6891

                       ROHF Final Molecular Orbital Analysis
                       -------------------------------------

 Vector    2  Occ=2.000000D+00  E=-1.329644D+00  Symmetry=a1
              MO Center= -7.9D-17, -1.5D-17,  4.8D-02, r^2= 5.1D-01
   Bfn.  Coefficient  Atom+Function         Bfn.  Coefficient  Atom+Function  
  ----- ------------  ---------------      ----- ------------  ---------------
     7      0.442438  2 O  s                  8      0.378913  2 O  s          
     1      0.188053  1 H  s                 21      0.188053  3 H  s          

 Vector    3  Occ=2.000000D+00  E=-7.000111D-01  Symmetry=b1
              MO Center=  6.2D-17,  9.2D-34,  1.1D-01, r^2= 7.8D-01
   Bfn.  Coefficient  Atom+Function         Bfn.  Coefficient  Atom+Function  
  ----- ------------  ---------------      ----- ------------  ---------------
     9      0.487112  2 O  px                 1      0.327793  1 H  s          
    21     -0.327793  3 H  s                 12      0.219445  2 O  px         

 Vector    4  Occ=2.000000D+00  E=-5.587758D-01  Symmetry=a1
              MO Center=  1.8D-17,  6.5D-34, -1.6D-01, r^2= 6.8D-01
   Bfn.  Coefficient  Atom+Function         Bfn.  Coefficient  Atom+Function  
  ----- ------------  ---------------      ----- ------------  ---------------
    11      0.548878  2 O  pz                14      0.373476  2 O  pz         
     8     -0.352485  2 O  s                  1      0.201599  1 H  s          
    21      0.201599  3 H  s          

 Vector    5  Occ=2.000000D+00  E=-4.916525D-01  Symmetry=b2
              MO Center=  1.1D-16,  1.5D-17, -9.1D-02, r^2= 6.0D-01
   Bfn.  Coefficient  Atom+Function         Bfn.  Coefficient  Atom+Function  
  ----- ------------  ---------------      ----- ------------  ---------------
    10      0.631206  2 O  py                13      0.496630  2 O  py         

 Vector    6  Occ=0.000000D+00  E= 1.821789D-01  Symmetry=a1
              MO Center= -5.3D-17,  6.5D-19,  6.0D-01, r^2= 3.0D+00
   Bfn.  Coefficient  Atom+Function         Bfn.  Coefficient  Atom+Function  
  ----- ------------  ---------------      ----- ------------  ---------------
     8      1.065998  2 O  s                  2     -0.836215  1 H  s          
    22     -0.836215  3 H  s                 14      0.338048  2 O  pz         
    11      0.189290  2 O  pz         

 Vector    7  Occ=0.000000D+00  E= 2.543443D-01  Symmetry=b1
              MO Center= -9.3D-16,  2.7D-33,  6.0D-01, r^2= 3.6D+00
   Bfn.  Coefficient  Atom+Function         Bfn.  Coefficient  Atom+Function  
  ----- ------------  ---------------      ----- ------------  ---------------
     2      1.411580  1 H  s                 22     -1.411580  3 H  s          
    12     -0.674440  2 O  px                 9     -0.284581  2 O  px         

 Vector    8  Occ=0.000000D+00  E= 7.931245D-01  Symmetry=b1
              MO Center=  8.3D-17,  2.4D-34,  2.5D-01, r^2= 1.7D+00
   Bfn.  Coefficient  Atom+Function         Bfn.  Coefficient  Atom+Function  
  ----- ------------  ---------------      ----- ------------  ---------------
     1      0.941792  1 H  s                 21     -0.941792  3 H  s          
     2     -0.689257  1 H  s                 22      0.689257  3 H  s          
    12     -0.440048  2 O  px                 9     -0.280753  2 O  px         
    17      0.192319  2 O  dxz                5      0.157997  1 H  pz         
    25     -0.157997  3 H  pz         

 Vector    9  Occ=0.000000D+00  E= 8.310032D-01  Symmetry=a1
              MO Center=  1.4D-16, -2.9D-18,  4.7D-01, r^2= 1.6D+00
   Bfn.  Coefficient  Atom+Function         Bfn.  Coefficient  Atom+Function  
  ----- ------------  ---------------      ----- ------------  ---------------
     1      0.815454  1 H  s                 21      0.815454  3 H  s          
     2     -0.549949  1 H  s                 22     -0.549949  3 H  s          
    11     -0.302427  2 O  pz                 3      0.280957  1 H  px         
    23     -0.280957  3 H  px                 8      0.270003  2 O  s          
     7     -0.247123  2 O  s          

 Vector   10  Occ=0.000000D+00  E= 1.158714D+00  Symmetry=a1
              MO Center=  1.3D-16, -1.9D-18, -1.8D-01, r^2= 1.2D+00
   Bfn.  Coefficient  Atom+Function         Bfn.  Coefficient  Atom+Function  
  ----- ------------  ---------------      ----- ------------  ---------------
    14      1.236839  2 O  pz                11     -0.771035  2 O  pz         
     8      0.571104  2 O  s                  1     -0.484583  1 H  s          
    21     -0.484583  3 H  s                  5      0.244205  1 H  pz         
    25      0.244205  3 H  pz         

 Vector   11  Occ=0.000000D+00  E= 1.200754D+00  Symmetry=b2
              MO Center=  2.1D-15, -8.5D-17, -1.1D-01, r^2= 1.1D+00
   Bfn.  Coefficient  Atom+Function         Bfn.  Coefficient  Atom+Function  
  ----- ------------  ---------------      ----- ------------  ---------------
    13     -1.018057  2 O  py                10      0.967985  2 O  py         

 Vector   12  Occ=0.000000D+00  E= 1.250360D+00  Symmetry=b1
              MO Center= -2.8D-16,  1.2D-18, -1.3D-01, r^2= 1.7D+00
   Bfn.  Coefficient  Atom+Function         Bfn.  Coefficient  Atom+Function  
  ----- ------------  ---------------      ----- ------------  ---------------
    12      1.765377  2 O  px                 2     -0.799623  1 H  s          
    22      0.799623  3 H  s                  9     -0.726855  2 O  px         
     1     -0.388041  1 H  s                 21      0.388041  3 H  s          
     3      0.321105  1 H  px                23      0.321105  3 H  px         
     5      0.161199  1 H  pz                25     -0.161199  3 H  pz         

 Vector   13  Occ=0.000000D+00  E= 1.446064D+00  Symmetry=a1
              MO Center= -2.8D-17,  3.8D-17,  4.9D-02, r^2= 1.4D+00
   Bfn.  Coefficient  Atom+Function         Bfn.  Coefficient  Atom+Function  
  ----- ------------  ---------------      ----- ------------  ---------------
     8      1.291801  2 O  s                  7     -0.724359  2 O  s          
     5      0.520500  1 H  pz                25      0.520500  3 H  pz         
    14     -0.489721  2 O  pz                 6     -0.331723  2 O  s          
     2     -0.302052  1 H  s                 22     -0.302052  3 H  s          
     3     -0.264169  1 H  px                23      0.264169  3 H  px         

 Vector   14  Occ=0.000000D+00  E= 1.464044D+00  Symmetry=a2
              MO Center= -1.1D-14, -2.2D-16,  4.1D-01, r^2= 1.1D+00
   Bfn.  Coefficient  Atom+Function         Bfn.  Coefficient  Atom+Function  
  ----- ------------  ---------------      ----- ------------  ---------------
     4      0.682470  1 H  py                24     -0.682470  3 H  py         
    16      0.228182  2 O  dxy        

 Vector   15  Occ=0.000000D+00  E= 1.689139D+00  Symmetry=b2
              MO Center=  8.4D-15,  5.1D-20,  2.8D-01, r^2= 1.2D+00
   Bfn.  Coefficient  Atom+Function         Bfn.  Coefficient  Atom+Function  
  ----- ------------  ---------------      ----- ------------  ---------------
     4      0.769281  1 H  py                24      0.769281  3 H  py         
    13     -0.640985  2 O  py                19      0.279632  2 O  dyz        


 center of mass
 --------------
 x =   0.00000000 y =   0.00000000 z =  -0.09506603

 moments of inertia (a.u.)
 ------------------
           2.085045551630           0.000000000000           0.000000000000
           0.000000000000           6.468031660328           0.000000000000
           0.000000000000           0.000000000000           4.382986108698

  Mulliken analysis of the total density
  --------------------------------------

    Atom       Charge   Shell Charges
 -----------   ------   -------------------------------------------------------
    1 H    1     0.84   0.68  0.07  0.08
    2 O    8     8.32   2.00  0.83  0.83  2.82  1.83  0.02
    3 H    1     0.84   0.68  0.07  0.08

       Multipole analysis of the density wrt the origin
       ------------------------------------------------

     L   x y z        total         open         nuclear
     -   - - -        -----         ----         -------
     0   0 0 0     -0.000000      0.000000     10.000000

     1   1 0 0      0.000000      0.000000      0.000000
     1   0 1 0     -0.000000      0.000000      0.000000
     1   0 0 1      0.793953      0.000000      0.000000

     2   2 0 0     -2.955053      0.000000      4.348956
     2   1 1 0     -0.000000      0.000000      0.000000
     2   1 0 1      0.000000      0.000000      0.000000
     2   0 2 0     -5.247995      0.000000      0.000000
     2   0 1 1      0.000000      0.000000      0.000000
     2   0 0 2     -4.446485      0.000000      1.863656

                   NWChem Extensible Many-Electron Theory Module
                   ---------------------------------------------

              ======================================================
                   This portion of the program was automatically
                  generated by a Tensor Contraction Engine (TCE).
                  The development of this portion of the program
                 and TCE was supported by US Department of Energy,
                Office of Science, Office of Basic Energy Science.
                      TCE is a product of Battelle and PNNL.
              Please cite: S.Hirata, J.Phys.Chem.A 107, 9887 (2003).
              ======================================================

            General Information
            -------------------
      Number of processors :     1
         Wavefunction type : Restricted Hartree-Fock
          No. of electrons :    10
           Alpha electrons :     5
            Beta electrons :     5
           No. of orbitals :    50
            Alpha orbitals :    25
             Beta orbitals :    25
        Alpha frozen cores :     0
         Beta frozen cores :     0
     Alpha frozen virtuals :     0
      Beta frozen virtuals :     0
         Spin multiplicity : singlet 
    Number of AO functions :    25
       Number of AO shells :    12
        Use of symmetry is : on 
      Symmetry adaption is : on 
         Schwarz screening : 0.10D-09

          Correlation Information
          -----------------------
          Calculation type : Coupled-cluster singles & doubles                           
   Perturbative correction : none                                                        
            Max iterations :      100
        Residual threshold : 0.10D-06
     T(0) DIIS level shift : 0.00D+00
     L(0) DIIS level shift : 0.00D+00
     T(1) DIIS level shift : 0.00D+00
     L(1) DIIS level shift : 0.00D+00
     T(R) DIIS level shift : 0.00D+00
     T(I) DIIS level shift : 0.00D+00
   CC-T/L Amplitude update :  5-th order DIIS
                I/O scheme : Global Array Library
        L-threshold :  0.10D-06
        EOM-threshold :  0.10D-06
 no EOMCCSD initial starts read in
 TCE RESTART OPTIONS
 READ_INT:   F
 WRITE_INT:  F
 READ_TA:    F
 WRITE_TA:   F
 READ_XA:    F
 WRITE_XA:   F
 READ_IN3:   F
 WRITE_IN3:  F
 SLICE:      F
 D4D5:       F
 quantumc:   F
 qrotation:  F
 pwtce:      F
 qducc:      F
 nacto:                         0
 nrotv:                         0
 nrot:                          0

            Memory Information
            ------------------
          Available GA space size is      26213775 doubles
          Available MA space size is      26212588 doubles

 Maximum block size        32 doubles

 tile_dim =      9

 Block   Spin    Irrep     Size     Offset   Alpha
 -------------------------------------------------
   1    alpha     a1     3 doubles       0       1
   2    alpha     b1     1 doubles       3       2
   3    alpha     b2     1 doubles       4       3
   4    beta      a1     3 doubles       5       1
   5    beta      b1     1 doubles       8       2
   6    beta      b2     1 doubles       9       3
   7    alpha     a1     9 doubles      10       7
   8    alpha     a2     2 doubles      19       8
   9    alpha     b1     6 doubles      21       9
  10    alpha     b2     3 doubles      27      10
  11    beta      a1     9 doubles      30       7
  12    beta      a2     2 doubles      39       8
  13    beta      b1     6 doubles      41       9
  14    beta      b2     3 doubles      47      10

 Global array virtual files algorithm will be used

 Parallel file system coherency ......... OK

 Fock matrix recomputed
 1-e file size   =              213
 1-e file name   = ./tce_h2o.f1
 Cpu & wall time / sec            0.0            0.0

 tce_ao2e: fast2e=1
 half-transformed integrals in memory

 2-e (intermediate) file size =          869375
 2-e (intermediate) file name = ./tce_h2o.v2i
 Cpu & wall time / sec            0.1            0.1

 tce_mo2e: fast2e=1
 2-e integrals stored in memory

 2-e file size   =           151758
 2-e file name   = ./tce_h2o.v2
 Cpu & wall time / sec            0.1            0.1
 T1-number-of-tasks                    3

 t1 file size   =               36
 t1 file name   = ./tce_h2o.t1
 t1 file handle =       -999
 T2-number-of-boxes                   54

 t2 file size   =             4525
 t2 file name   = ./tce_h2o.t2
 t2 file handle =       -996
CCSD iterations
 ---------------------------------------------------------
 Iter          Residuum       Correlation     Cpu    Wall 
 ---------------------------------------------------------
NEW TASK SCHEDULING
CCSD_T1_NTS --- OK
CCSD_T2_NTS --- OK
    1   0.1099291476429  -0.2078678782330     0.1     0.1
    2   0.0299527332073  -0.2129643552480     0.1     0.1
    3   0.0107763117300  -0.2157921372700     0.1     0.1
    4   0.0043148307122  -0.2164742716593     0.1     0.1
    5   0.0018049449967  -0.2167386987224     0.1     0.1
 MICROCYCLE DIIS UPDATE:                    5                    5
    6   0.0002085604017  -0.2168959320230     0.1     0.1
    7   0.0000978552503  -0.2169042678563     0.1     0.1
    8   0.0000439191489  -0.2169044043960     0.1     0.1
    9   0.0000252718157  -0.2169044196971     0.1     0.1
   10   0.0000138559785  -0.2169045635958     0.1     0.1
 MICROCYCLE DIIS UPDATE:                   10                    5
   11   0.0000016394604  -0.2169048467032     0.1     0.1
   12   0.0000006178279  -0.2169047666639     0.1     0.1
   13   0.0000002801910  -0.2169047779482     0.1     0.1
   14   0.0000001471107  -0.2169047754917     0.1     0.1
   15   0.0000000767539  -0.2169047748980     0.1     0.1
 -----------------------------------------------------------------
 Iterations converged
 CCSD correlation energy / hartree =        -0.216904774897969
 CCSD total energy / hartree       =       -76.243023145098036

 Singles contributions

 Doubles contributions

 Task  times  cpu:        1.7s     wall:        1.8s


                                NWChem Input Module
                                -------------------


 Summary of allocated global arrays
-----------------------------------
  No active global arrays



                         GA Statistics for process    0
                         ------------------------------

       create   destroy   get      put      acc     scatter   gather  read&inc
calls: 1260     1260     2.18e+05 4751     4.89e+04    0        0     7.02e+04 
number of processes/call -1.48e+13 -7.01e+14 4.35e+13 0.00e+00 0.00e+00
bytes total:             1.31e+08 1.21e+07 2.01e+07 0.00e+00 0.00e+00 5.61e+05
bytes remote:            0.00e+00 0.00e+00 0.00e+00 0.00e+00 0.00e+00 0.00e+00
Max memory consumed for GA by this process: 8175776 bytes

MA_summarize_allocated_blocks: starting scan ...
MA_summarize_allocated_blocks: scan completed: 0 heap blocks, 0 stack blocks
MA usage statistics:

	allocation statistics:
					      heap	     stack
					      ----	     -----
	current number of blocks	         0	         0
	maximum number of blocks	        17	        36
	current total bytes		         0	         0
	maximum total bytes		     80104	  22509640
	maximum total K-bytes		        81	     22510
	maximum total M-bytes		         1	        23


                                     CITATION
                                     --------
                Please cite the following reference when publishing
                           results obtained with NWChem:

          E. Aprà, E. J. Bylaska, W. A. de Jong, N. Govind, K. Kowalski,
       T. P. Straatsma, M. Valiev, H. J. J. van Dam, Y. Alexeev, J. Anchell,
       V. Anisimov, F. W. Aquino, R. Atta-Fynn, J. Autschbach, N. P. Bauman,
     J. C. Becca, D. E. Bernholdt, K. Bhaskaran-Nair, S. Bogatko, P. Borowski,
        J. Boschen, J. Brabec, A. Bruner, E. Cauët, Y. Chen, G. N. Chuev,
      C. J. Cramer, J. Daily, M. J. O. Deegan, T. H. Dunning Jr., M. Dupuis,
   K. G. Dyall, G. I. Fann, S. A. Fischer, A. Fonari, H. Früchtl, L. Gagliardi,
      J. Garza, N. Gawande, S. Ghosh, K. Glaesemann, A. W. Götz, J. Hammond,
       V. Helms, E. D. Hermes, K. Hirao, S. Hirata, M. Jacquelin, L. Jensen,
   B. G. Johnson, H. Jónsson, R. A. Kendall, M. Klemm, R. Kobayashi, V. Konkov,
      S. Krishnamoorthy, M. Krishnan, Z. Lin, R. D. Lins, R. J. Littlefield,
      A. J. Logsdail, K. Lopata, W. Ma, A. V. Marenich, J. Martin del Campo,
   D. Mejia-Rodriguez, J. E. Moore, J. M. Mullin, T. Nakajima, D. R. Nascimento,
    J. A. Nichols, P. J. Nichols, J. Nieplocha, A. Otero-de-la-Roza, B. Palmer,
    A. Panyala, T. Pirojsirikul, B. Peng, R. Peverati, J. Pittner, L. Pollack,
   R. M. Richard, P. Sadayappan, G. C. Schatz, W. A. Shelton, D. W. Silverstein,
   D. M. A. Smith, T. A. Soares, D. Song, M. Swart, H. L. Taylor, G. S. Thomas,
            V. Tipparaju, D. G. Truhlar, K. Tsemekhman, T. Van Voorhis,
     Á. Vázquez-Mayagoitia, P. Verma, O. Villa, A. Vishnu, K. D. Vogiatzis,
        D. Wang, J. H. Weare, M. J. Williamson, T. L. Windus, K. Woliński,
        A. T. Wong, Q. Wu, C. Yang, Q. Yu, M. Zacharias, Z. Zhang, Y. Zhao,
                                and R. J. Harrison
                        "NWChem: Past, present, and future
                         J. Chem. Phys. 152, 184102 (2020)
                               doi:10.1063/5.0004997

                                      AUTHORS
                                      -------
     E. Apra, E. J. Bylaska, N. Govind, K. Kowalski, M. Valiev, W. A. de Jong,
      T. P. Straatsma, H. J. J. van Dam, D. Wang, T. L. Windus, N. P. Bauman,
       A. Panyala, J. Hammond, J. Autschbach, K. Bhaskaran-Nair, J. Brabec,
    K. Lopata, S. A. Fischer, S. Krishnamoorthy, M. Jacquelin, W. Ma, M. Klemm,
       O. Villa, Y. Chen, V. Anisimov, F. Aquino, S. Hirata, M. T. Hackler,
           Eric Hermes, L. Jensen, J. E. Moore, J. C. Becca, V. Konjkov,
            D. Mejia-Rodriguez, T. Risthaus, M. Malagoli, A. Marenich,
   A. Otero-de-la-Roza, J. Mullin, P. Nichols, R. Peverati, J. Pittner, Y. Zhao,
        P.-D. Fan, A. Fonari, M. J. Williamson, R. J. Harrison, J. R. Rehr,
      M. Dupuis, D. Silverstein, D. M. A. Smith, J. Nieplocha, V. Tipparaju,
      M. Krishnan, B. E. Van Kuiken, A. Vazquez-Mayagoitia, M. Swart, Q. Wu,
   T. Van Voorhis, A. A. Auer, M. Nooijen, L. D. Crosby, E. Brown, G. Cisneros,
     G. I. Fann, H. Fruchtl, J. Garza, K. Hirao, R. A. Kendall, J. A. Nichols,
       K. Tsemekhman, K. Wolinski, J. Anchell, D. E. Bernholdt, P. Borowski,
       T. Clark, D. Clerc, H. Dachsel, M. J. O. Deegan, K. Dyall, D. Elwood,
      E. Glendening, M. Gutowski, A. C. Hess, J. Jaffe, B. G. Johnson, J. Ju,
        R. Kobayashi, R. Kutteh, Z. Lin, R. Littlefield, X. Long, B. Meng,
      T. Nakajima, S. Niu, L. Pollack, M. Rosing, K. Glaesemann, G. Sandrone,
      M. Stave, H. Taylor, G. Thomas, J. H. van Lenthe, A. T. Wong, Z. Zhang.

 Total times  cpu:        1.7s     wall:        2.0s
