nohup: ignoring input
 argument  1 = tce_td_cc_h2o.nw
  NWChem w/ OpenMP: maximum threads =    1



============================== echo of input deck ==============================
start tce_td_cc_h2o

echo

geometry units bohr
# in the current version of TD-CCSD implementation always use C1 symmetry
symmetry c1
H    0.000000000000000   1.079252144093028   1.474611055780858
O    0.000000000000000   0.000000000000000   0.000000000000000
H    0.000000000000000   1.079252144093028  -1.474611055780858
end

basis
H library sto-3g
O library sto-3g
end

scf
thresh 1.0e-10
tol2e 1.0e-10
singlet
rhf
end


tce
ccsd
tilesize 3
thresh
end

task tce energy

charge 1

scf
thresh 1.0e-10
tol2e 1.0e-10
doublet
rohf
end

tce
ccsd
tilesize 3
thresh
end

task tce energy



================================================================================


                                         
                                         


             Northwest Computational Chemistry Package (NWChem) 7.0.1
             --------------------------------------------------------


                    Environmental Molecular Sciences Laboratory
                       Pacific Northwest National Laboratory
                                Richland, WA 99352

                              Copyright (c) 1994-2020
                       Pacific Northwest National Laboratory
                            Battelle Memorial Institute

             NWChem is an open-source computational chemistry package
                        distributed under the terms of the
                      Educational Community License (ECL) 2.0
             A copy of the license is included with this distribution
                              in the LICENSE.TXT file

                                  ACKNOWLEDGMENT
                                  --------------

            This software and its documentation were developed at the
            EMSL at Pacific Northwest National Laboratory, a multiprogram
            national laboratory, operated for the U.S. Department of Energy
            by Battelle under Contract Number DE-AC05-76RL01830. Support
            for this work was provided by the Department of Energy Office
            of Biological and Environmental Research, Office of Basic
            Energy Sciences, and the Office of Advanced Scientific Computing.


           Job information
           ---------------

    hostname        = koothan
    program         = /hpc/home/kowalski/nwchem/bin/LINUX64/nwchem
    date            = Sun Dec  6 20:29:17 2020

    compiled        = Sun_Nov_15_19:26:35_2020
    source          = /hpc/home/kowalski/nwchem
    nwchem branch   = 7.0.0
    nwchem revision = nwchem_on_git-2069-ga5c152f2d
    ga revision     = 5.8.0
    use scalapack   = T
    input           = tce_td_cc_h2o.nw
    prefix          = tce_td_cc_h2o.
    data base       = ./tce_td_cc_h2o.db
    status          = startup
    nproc           =        3
    time left       =     -1s



           Memory information
           ------------------

    heap     =   13107200 doubles =    100.0 Mbytes
    stack    =   13107197 doubles =    100.0 Mbytes
    global   =   26214400 doubles =    200.0 Mbytes (distinct from heap & stack)
    total    =   52428797 doubles =    400.0 Mbytes
    verify   = yes
    hardfail = no 


           Directory information
           ---------------------

  0 permanent = .
  0 scratch   = .




                                NWChem Input Module
                                -------------------


 Turning off AUTOSYM since
 SYMMETRY directive was detected!


          ------
          auto-z
          ------
  no constraints, skipping    0.0000000000000000     
  no constraints, skipping    0.0000000000000000     


                             Geometry "geometry" -> ""
                             -------------------------

 Output coordinates in a.u. (scale by  1.000000000 to convert to a.u.)

  No.       Tag          Charge          X              Y              Z
 ---- ---------------- ---------- -------------- -------------- --------------
    1 H                    1.0000     0.00000000     0.86340172     1.47461106
    2 O                    8.0000     0.00000000    -0.21585043     0.00000000
    3 H                    1.0000     0.00000000     0.86340172    -1.47461106

      Atomic Mass 
      ----------- 

      H                  1.007825
      O                 15.994910


 Effective nuclear repulsion energy (a.u.)       9.0948490734

            Nuclear Dipole moment (a.u.) 
            ----------------------------
        X                 Y               Z
 ---------------- ---------------- ----------------
     0.0000000000     0.0000000000     0.0000000000



                                Z-matrix (autoz)
                                -------- 

 Units are Angstrom for bonds and degrees for angles

      Type          Name      I     J     K     L     M      Value
      ----------- --------  ----- ----- ----- ----- ----- ----------
    1 Stretch                  1     2                       0.96700
    2 Stretch                  2     3                       0.96700
    3 Bend                     1     2     3               107.60000


            XYZ format geometry
            -------------------
     3
 geometry
 H                     0.00000000     0.45689254     0.78033062
 O                     0.00000000    -0.11422314     0.00000000
 H                     0.00000000     0.45689254    -0.78033062

 ==============================================================================
                                internuclear distances
 ------------------------------------------------------------------------------
       center one      |      center two      | atomic units |       a.u.
 ------------------------------------------------------------------------------
    2 O                |   1 H                |     1.82737  |     1.82737
    3 H                |   2 O                |     1.82737  |     1.82737
 ------------------------------------------------------------------------------
                         number of included internuclear distances:          2
 ==============================================================================



 ==============================================================================
                                 internuclear angles
 ------------------------------------------------------------------------------
        center 1       |       center 2       |       center 3       |  degrees
 ------------------------------------------------------------------------------
    1 H                |   2 O                |   3 H                |   107.60
 ------------------------------------------------------------------------------
                            number of included internuclear angles:          1
 ==============================================================================



                      Basis "ao basis" -> "" (cartesian)
                      -----
  H (Hydrogen)
  ------------
            Exponent  Coefficients 
       -------------- ---------------------------------------------------------
  1 S  3.42525091E+00  0.154329
  1 S  6.23913730E-01  0.535328
  1 S  1.68855400E-01  0.444635

  O (Oxygen)
  ----------
            Exponent  Coefficients 
       -------------- ---------------------------------------------------------
  1 S  1.30709320E+02  0.154329
  1 S  2.38088610E+01  0.535328
  1 S  6.44360830E+00  0.444635

  2 S  5.03315130E+00 -0.099967
  2 S  1.16959610E+00  0.399513
  2 S  3.80389000E-01  0.700115

  3 P  5.03315130E+00  0.155916
  3 P  1.16959610E+00  0.607684
  3 P  3.80389000E-01  0.391957



 Summary of "ao basis" -> "" (cartesian)
 ------------------------------------------------------------------------------
       Tag                 Description            Shells   Functions and Types
 ---------------- ------------------------------  ------  ---------------------
 H                           sto-3g                  1        1   1s
 O                           sto-3g                  3        5   2s1p


 tce_input: thresh value not found; default value of 1e-6 will be used
                                 NWChem SCF Module
                                 -----------------



  ao basis        = "ao basis"
  functions       =     7
  atoms           =     3
  closed shells   =     5
  open shells     =     0
  charge          =   0.00
  wavefunction    = RHF 
  input vectors   = atomic
  output vectors  = ./tce_td_cc_h2o.movecs
  use symmetry    = F
  symmetry adapt  = F


 Summary of "ao basis" -> "ao basis" (cartesian)
 ------------------------------------------------------------------------------
       Tag                 Description            Shells   Functions and Types
 ---------------- ------------------------------  ------  ---------------------
 H                           sto-3g                  1        1   1s
 O                           sto-3g                  3        5   2s1p



 Forming initial guess at       0.9s


      Superposition of Atomic Density Guess
      -------------------------------------

 Sum of atomic energies:         -74.71095592

      Non-variational initial energy
      ------------------------------

 Total energy =     -74.656968
 1-e energy   =    -121.607270
 2-e energy   =      37.855454
 HOMO         =      -0.256142
 LUMO         =       0.488053


 Starting SCF solution at       1.0s



 ----------------------------------------------
         Quadratically convergent ROHF

 Convergence threshold     :          1.000E-10
 Maximum no. of iterations :           30
 Final Fock-matrix accuracy:          1.000E-10
 ----------------------------------------------


              iter       energy          gnorm     gmax       time
             ----- ------------------- --------- --------- --------
                 1      -74.9239094229  6.49D-01  5.52D-01      0.2
                 2      -74.9617970553  1.35D-01  9.96D-02      0.2
                 3      -74.9626616082  3.16D-03  2.92D-03      0.2
                 4      -74.9626630621  7.11D-06  6.49D-06      0.2
                 5      -74.9626630621  5.59D-13  4.21D-13      0.2


       Final RHF  results 
       ------------------ 

         Total SCF energy =    -74.962663062079
      One-electron energy =   -122.219010644911
      Two-electron energy =     38.161498509428
 Nuclear repulsion energy =      9.094849073405

        Time for solution =      0.0s


             Final eigenvalues
             -----------------

              1      
    1  -20.2384
    2   -1.2597
    3   -0.6175
    4   -0.4443
    5   -0.3881
    6    0.5899
    7    0.7400

                       ROHF Final Molecular Orbital Analysis
                       -------------------------------------

 Vector    2  Occ=2.000000D+00  E=-1.259694D+00
              MO Center=  3.7D-19,  6.7D-02,  6.7D-16, r^2= 5.4D-01
   Bfn.  Coefficient  Atom+Function         Bfn.  Coefficient  Atom+Function  
  ----- ------------  ---------------      ----- ------------  ---------------
     3      0.837663  2 O  s                  2     -0.233394  2 O  s          
     1      0.158623  1 H  s                  7      0.158623  3 H  s          

 Vector    3  Occ=2.000000D+00  E=-6.175019D-01
              MO Center=  1.7D-32,  1.4D-01, -8.3D-16, r^2= 8.5D-01
   Bfn.  Coefficient  Atom+Function         Bfn.  Coefficient  Atom+Function  
  ----- ------------  ---------------      ----- ------------  ---------------
     6      0.601814  2 O  pz                 1      0.443956  1 H  s          
     7     -0.443956  3 H  s          

 Vector    4  Occ=2.000000D+00  E=-4.443043D-01
              MO Center=  9.1D-18, -1.6D-01, -5.7D-16, r^2= 6.2D-01
   Bfn.  Coefficient  Atom+Function         Bfn.  Coefficient  Atom+Function  
  ----- ------------  ---------------      ----- ------------  ---------------
     5      0.784227  2 O  py                 3     -0.524383  2 O  s          
     1      0.278248  1 H  s                  7      0.278248  3 H  s          

 Vector    5  Occ=2.000000D+00  E=-3.881364D-01
              MO Center= -1.1D-17, -1.1D-01,  2.7D-32, r^2= 4.2D-01
   Bfn.  Coefficient  Atom+Function         Bfn.  Coefficient  Atom+Function  
  ----- ------------  ---------------      ----- ------------  ---------------
     4      1.000000  2 O  px         

 Vector    6  Occ=0.000000D+00  E= 5.899401D-01
              MO Center=  2.0D-18,  3.8D-01, -9.0D-15, r^2= 1.1D+00
   Bfn.  Coefficient  Atom+Function         Bfn.  Coefficient  Atom+Function  
  ----- ------------  ---------------      ----- ------------  ---------------
     3      0.874577  2 O  s                  1     -0.793258  1 H  s          
     7     -0.793258  3 H  s                  5      0.724694  2 O  py         

 Vector    7  Occ=0.000000D+00  E= 7.399956D-01
              MO Center=  1.5D-31,  2.3D-01,  1.0D-14, r^2= 1.0D+00
   Bfn.  Coefficient  Atom+Function         Bfn.  Coefficient  Atom+Function  
  ----- ------------  ---------------      ----- ------------  ---------------
     6      0.993707  2 O  pz                 1     -0.827832  1 H  s          
     7      0.827832  3 H  s          


 center of mass
 --------------
 x =   0.00000000 y =  -0.09506603 z =   0.00000000

 moments of inertia (a.u.)
 ------------------
           6.468031660328           0.000000000000           0.000000000000
           0.000000000000           4.382986108698           0.000000000000
           0.000000000000           0.000000000000           2.085045551630

  Mulliken analysis of the total density
  --------------------------------------

    Atom       Charge   Shell Charges
 -----------   ------   -------------------------------------------------------
    1 H    1     0.82   0.82
    2 O    8     8.36   2.00  1.82  4.54
    3 H    1     0.82   0.82

       Multipole analysis of the density wrt the origin
       ------------------------------------------------

     L   x y z        total         open         nuclear
     -   - - -        -----         ----         -------
     0   0 0 0     -0.000000      0.000000     10.000000

     1   1 0 0      0.000000      0.000000      0.000000
     1   0 1 0      0.666093      0.000000      0.000000
     1   0 0 1      0.000000      0.000000      0.000000

     2   2 0 0     -4.535291      0.000000      0.000000
     2   1 1 0      0.000000      0.000000      0.000000
     2   1 0 1      0.000000      0.000000      0.000000
     2   0 2 0     -4.042077      0.000000      1.863656
     2   0 1 1      0.000000      0.000000      0.000000
     2   0 0 2     -3.162719      0.000000      4.348956

                   NWChem Extensible Many-Electron Theory Module
                   ---------------------------------------------

              ======================================================
                   This portion of the program was automatically
                  generated by a Tensor Contraction Engine (TCE).
                  The development of this portion of the program
                 and TCE was supported by US Department of Energy,
                Office of Science, Office of Basic Energy Science.
                      TCE is a product of Battelle and PNNL.
              Please cite: S.Hirata, J.Phys.Chem.A 107, 9887 (2003).
              ======================================================

            General Information
            -------------------
      Number of processors :     3
         Wavefunction type : Restricted Hartree-Fock
          No. of electrons :    10
           Alpha electrons :     5
            Beta electrons :     5
           No. of orbitals :    14
            Alpha orbitals :     7
             Beta orbitals :     7
        Alpha frozen cores :     0
         Beta frozen cores :     0
     Alpha frozen virtuals :     0
      Beta frozen virtuals :     0
         Spin multiplicity : singlet 
    Number of AO functions :     7
       Number of AO shells :     5
        Use of symmetry is : off
      Symmetry adaption is : off
         Schwarz screening : 0.10D-09

          Correlation Information
          -----------------------
          Calculation type : Coupled-cluster singles & doubles                           
   Perturbative correction : none                                                        
            Max iterations :      100
        Residual threshold : 0.10D-05
     T(0) DIIS level shift : 0.00D+00
     L(0) DIIS level shift : 0.00D+00
     T(1) DIIS level shift : 0.00D+00
     L(1) DIIS level shift : 0.00D+00
     T(R) DIIS level shift : 0.00D+00
     T(I) DIIS level shift : 0.00D+00
   CC-T/L Amplitude update :  5-th order DIIS
                I/O scheme : Global Array Library
        L-threshold :  0.10D-05
        EOM-threshold :  0.10D-05
 no EOMCCSD initial starts read in
 TCE RESTART OPTIONS
 READ_INT:   F
 WRITE_INT:  F
 READ_TA:    F
 WRITE_TA:   F
 READ_XA:    F
 WRITE_XA:   F
 READ_IN3:   F
 WRITE_IN3:  F
 SLICE:      F
 D4D5:       F
 quantumc:   F
 qrotation:  F
 pwtce:      F
 qducc:      F
 nacto:                         0
 nrotv:                         0
 nrot:                          0

            Memory Information
            ------------------
          Available GA space size is      78643151 doubles
          Available MA space size is      26213684 doubles

 Maximum block size supplied by input
 Maximum block size         3 doubles

 tile_dim =      3

 Block   Spin    Irrep     Size     Offset   Alpha
 -------------------------------------------------
   1    alpha     a      2 doubles       0       1
   2    alpha     a      3 doubles       2       2
   3    beta      a      2 doubles       5       1
   4    beta      a      3 doubles       7       2
   5    alpha     a      2 doubles      10       5
   6    beta      a      2 doubles      12       5

 Global array virtual files algorithm will be used

 Parallel file system coherency ......... OK

 Fock matrix recomputed
 1-e file size   =               49
 1-e file name   = ./tce_td_cc_h2o.f1
 Cpu & wall time / sec            0.0            0.0

 tce_ao2e: fast2e=1
 half-transformed integrals in memory

 2-e (intermediate) file size =            5635
 2-e (intermediate) file name = ./tce_td_cc_h2o.v2i
 Cpu & wall time / sec            0.0            0.0

 tce_mo2e: fast2e=1
 2-e integrals stored in memory

 2-e file size   =             3490
 2-e file name   = ./tce_td_cc_h2o.v2
 Cpu & wall time / sec            0.0            0.0
 T1-number-of-tasks                    2

 t1 file size   =               10
 t1 file name   = ./tce_td_cc_h2o.t1
 t1 file handle =       -999
 T2-number-of-boxes                    7

 t2 file size   =              176
 t2 file name   = ./tce_td_cc_h2o.t2
 t2 file handle =       -996
CCSD iterations
 ---------------------------------------------------------
 Iter          Residuum       Correlation     Cpu    Wall 
 ---------------------------------------------------------
NEW TASK SCHEDULING
CCSD_T1_NTS --- OK
CCSD_T2_NTS --- OK
    1   0.0897601078235  -0.0358585641891     0.0     0.0
    2   0.0313117545716  -0.0455071034742     0.0     0.0
    3   0.0122095698573  -0.0484393273637     0.0     0.0
    4   0.0050707879658  -0.0494630321151     0.0     0.0
    5   0.0022141947764  -0.0498524060390     0.0     0.0
 MICROCYCLE DIIS UPDATE:                    5                    5
    6   0.0000695983789  -0.0501273089549     0.0     0.0
    7   0.0000230902972  -0.0501266588876     0.0     0.0
    8   0.0000112269401  -0.0501269556299     0.0     0.0
    9   0.0000056560822  -0.0501271274750     0.0     0.0
   10   0.0000028818520  -0.0501272173951     0.0     0.0
 MICROCYCLE DIIS UPDATE:                   10                    5
   11   0.0000001881246  -0.0501273098170     0.0     0.0
 -----------------------------------------------------------------
 Iterations converged
 CCSD correlation energy / hartree =        -0.050127309816966
 CCSD total energy / hartree       =       -75.012790371895562

 Singles contributions

 Doubles contributions

 Task  times  cpu:        0.3s     wall:        0.6s


                                NWChem Input Module
                                -------------------


 tce_input: thresh value not found; default value of 1e-6 will be used
                                 NWChem SCF Module
                                 -----------------



  ao basis        = "ao basis"
  functions       =     7
  atoms           =     3
  closed shells   =     4
  open shells     =     1
  charge          =   1.00
  wavefunction    = ROHF
  input vectors   = ./tce_td_cc_h2o.movecs
  output vectors  = ./tce_td_cc_h2o.movecs
  use symmetry    = F
  symmetry adapt  = F


 Summary of "ao basis" -> "ao basis" (cartesian)
 ------------------------------------------------------------------------------
       Tag                 Description            Shells   Functions and Types
 ---------------- ------------------------------  ------  ---------------------
 H                           sto-3g                  1        1   1s
 O                           sto-3g                  3        5   2s1p



 Forming initial guess at       1.3s


 Loading old vectors from job with title :




 Starting SCF solution at       1.3s



 ----------------------------------------------
         Quadratically convergent ROHF

 Convergence threshold     :          1.000E-10
 Maximum no. of iterations :           30
 Final Fock-matrix accuracy:          1.000E-10
 ----------------------------------------------


              iter       energy          gnorm     gmax       time
             ----- ------------------- --------- --------- --------
                 1      -74.5745266693  1.00D+00  7.18D-01      0.4
                 2      -74.6569045903  1.06D-01  7.14D-02      0.4
                 3      -74.6579944285  2.80D-03  1.80D-03      0.4
                 4      -74.6579953471  4.59D-07  3.17D-07      0.4
                 5      -74.6579953471  4.60D-14  3.15D-14      0.4


       Final ROHF results 
       ------------------ 

         Total SCF energy =    -74.657995347065
      One-electron energy =   -116.315834572166
      Two-electron energy =     32.562990151696
 Nuclear repulsion energy =      9.094849073405

        Time for solution =      0.1s


             Final eigenvalues
             -----------------

              1      
    1  -21.0092
    2   -1.8297
    3   -1.1752
    4   -1.0284
    5   -0.6646
    6    0.0903
    7    0.2089

                       ROHF Final Molecular Orbital Analysis
                       -------------------------------------

 Vector    2  Occ=2.000000D+00  E=-1.829698D+00
              MO Center=  1.3D-18,  6.3D-02, -3.8D-17, r^2= 4.9D-01
   Bfn.  Coefficient  Atom+Function         Bfn.  Coefficient  Atom+Function  
  ----- ------------  ---------------      ----- ------------  ---------------
     3      0.887858  2 O  s                  2     -0.240020  2 O  s          
     5      0.167267  2 O  py         

 Vector    3  Occ=2.000000D+00  E=-1.175205D+00
              MO Center=  3.9D-32,  6.4D-02, -1.7D-16, r^2= 7.3D-01
   Bfn.  Coefficient  Atom+Function         Bfn.  Coefficient  Atom+Function  
  ----- ------------  ---------------      ----- ------------  ---------------
     6      0.716913  2 O  pz                 1      0.341213  1 H  s          
     7     -0.341213  3 H  s          

 Vector    4  Occ=2.000000D+00  E=-1.028447D+00
              MO Center=  8.3D-18, -2.1D-01, -6.7D-16, r^2= 5.2D-01
   Bfn.  Coefficient  Atom+Function         Bfn.  Coefficient  Atom+Function  
  ----- ------------  ---------------      ----- ------------  ---------------
     5      0.856898  2 O  py                 3     -0.433453  2 O  s          
     1      0.189721  1 H  s                  7      0.189721  3 H  s          

 Vector    5  Occ=1.000000D+00  E=-6.646194D-01
              MO Center= -1.1D-17, -1.1D-01,  2.7D-32, r^2= 4.2D-01
   Bfn.  Coefficient  Atom+Function         Bfn.  Coefficient  Atom+Function  
  ----- ------------  ---------------      ----- ------------  ---------------
     4      1.000000  2 O  px         

 Vector    6  Occ=0.000000D+00  E= 9.027145D-02
              MO Center=  1.8D-18,  4.4D-01,  9.3D-15, r^2= 1.2D+00
   Bfn.  Coefficient  Atom+Function         Bfn.  Coefficient  Atom+Function  
  ----- ------------  ---------------      ----- ------------  ---------------
     3     -0.874886  2 O  s                  1      0.826734  1 H  s          
     7      0.826734  3 H  s                  5     -0.626953  2 O  py         

 Vector    7  Occ=0.000000D+00  E= 2.088592D-01
              MO Center= -2.3D-31,  3.0D-01, -8.7D-15, r^2= 1.1D+00
   Bfn.  Coefficient  Atom+Function         Bfn.  Coefficient  Atom+Function  
  ----- ------------  ---------------      ----- ------------  ---------------
     6     -0.914149  2 O  pz                 1      0.875201  1 H  s          
     7     -0.875201  3 H  s          


 center of mass
 --------------
 x =   0.00000000 y =  -0.09506603 z =   0.00000000

 moments of inertia (a.u.)
 ------------------
           6.468031660328           0.000000000000           0.000000000000
           0.000000000000           4.382986108698           0.000000000000
           0.000000000000           0.000000000000           2.085045551630

  Mulliken analysis of the total density
  --------------------------------------

    Atom       Charge   Shell Charges
 -----------   ------   -------------------------------------------------------
    1 H    1     0.55   0.55
    2 O    8     7.90   2.00  1.88  4.03
    3 H    1     0.55   0.55

 Mulliken analysis of the open-shell density
 -------------------------------------------

    Atom       Charge   Shell Charges
 -----------   ------   -------------------------------------------------------
    1 H    1     0.00   0.00
    2 O    8     1.00   0.00  0.00  1.00
    3 H    1     0.00   0.00

       Multipole analysis of the density wrt the origin
       ------------------------------------------------

     L   x y z        total         open         nuclear
     -   - - -        -----         ----         -------
     0   0 0 0      1.000000     -1.000000     10.000000

     1   1 0 0     -0.000000      0.000000      0.000000
     1   0 1 0      0.951523      0.215850      0.000000
     1   0 0 1      0.000000     -0.000000      0.000000

     2   2 0 0     -3.478475     -0.891272      0.000000
     2   1 1 0      0.000000     -0.000000      0.000000
     2   1 0 1      0.000000     -0.000000      0.000000
     2   0 2 0     -3.194495     -0.343682      1.863656
     2   0 1 1      0.000000     -0.000000      0.000000
     2   0 0 2     -1.635285     -0.297091      4.348956

                   NWChem Extensible Many-Electron Theory Module
                   ---------------------------------------------

              ======================================================
                   This portion of the program was automatically
                  generated by a Tensor Contraction Engine (TCE).
                  The development of this portion of the program
                 and TCE was supported by US Department of Energy,
                Office of Science, Office of Basic Energy Science.
                      TCE is a product of Battelle and PNNL.
              Please cite: S.Hirata, J.Phys.Chem.A 107, 9887 (2003).
              ======================================================

            General Information
            -------------------
      Number of processors :     3
         Wavefunction type : Restricted open-shell Hartree-Fock
          No. of electrons :     9
           Alpha electrons :     5
            Beta electrons :     4
           No. of orbitals :    14
            Alpha orbitals :     7
             Beta orbitals :     7
        Alpha frozen cores :     0
         Beta frozen cores :     0
     Alpha frozen virtuals :     0
      Beta frozen virtuals :     0
         Spin multiplicity : doublet 
    Number of AO functions :     7
       Number of AO shells :     5
        Use of symmetry is : off
      Symmetry adaption is : off
         Schwarz screening : 0.10D-09

          Correlation Information
          -----------------------
          Calculation type : Coupled-cluster singles & doubles                           
   Perturbative correction : none                                                        
            Max iterations :      100
        Residual threshold : 0.10D-05
     T(0) DIIS level shift : 0.00D+00
     L(0) DIIS level shift : 0.00D+00
     T(1) DIIS level shift : 0.00D+00
     L(1) DIIS level shift : 0.00D+00
     T(R) DIIS level shift : 0.00D+00
     T(I) DIIS level shift : 0.00D+00
   CC-T/L Amplitude update :  5-th order DIIS
                I/O scheme : Global Array Library
        L-threshold :  0.10D-05
        EOM-threshold :  0.10D-05
 no EOMCCSD initial starts read in
 TCE RESTART OPTIONS
 READ_INT:   F
 WRITE_INT:  F
 READ_TA:    F
 WRITE_TA:   F
 READ_XA:    F
 WRITE_XA:   F
 READ_IN3:   F
 WRITE_IN3:  F
 SLICE:      F
 D4D5:       F
 quantumc:   F
 qrotation:  F
 pwtce:      F
 qducc:      F
 nacto:                         0
 nrotv:                         0
 nrot:                          0

            Memory Information
            ------------------
          Available GA space size is      78643102 doubles
          Available MA space size is      26213612 doubles

 Maximum block size supplied by input
 Maximum block size         3 doubles

 tile_dim =      3

 Block   Spin    Irrep     Size     Offset   Alpha
 -------------------------------------------------
   1    alpha     a      2 doubles       0       1
   2    alpha     a      3 doubles       2       2
   3    beta      a      2 doubles       5       3
   4    beta      a      2 doubles       7       4
   5    alpha     a      2 doubles       9       5
   6    beta      a      3 doubles      11       6

 Global array virtual files algorithm will be used

 Parallel file system coherency ......... OK

 Fock matrix recomputed
 1-e file size   =               98
 1-e file name   = ./tce_td_cc_h2o.f1
 Cpu & wall time / sec            0.0            0.0

 tce_ao2e: fast2e=1
 half-transformed integrals in memory

 2-e (intermediate) file size =            5635
 2-e (intermediate) file name = ./tce_td_cc_h2o.v2i
 Cpu & wall time / sec            0.0            0.0

 tce_mo2e: fast2e=1
 2-e integrals stored in memory

 2-e file size   =             4579
 2-e file name   = ./tce_td_cc_h2o.v2
 Cpu & wall time / sec            0.0            0.0
 T1-number-of-tasks                    4

 t1 file size   =               22
 t1 file name   = ./tce_td_cc_h2o.t1
 t1 file handle =       -998
 T2-number-of-boxes                   10

 t2 file size   =              304
 t2 file name   = ./tce_td_cc_h2o.t2
 t2 file handle =       -995
CCSD iterations
 ---------------------------------------------------------
 Iter          Residuum       Correlation     Cpu    Wall 
 ---------------------------------------------------------
NEW TASK SCHEDULING
CCSD_T1_NTS --- OK
CCSD_T2_NTS --- OK
    1   0.0778503866557  -0.0296897230211     0.0     0.0
    2   0.0254738854720  -0.0375762124977     0.0     0.0
    3   0.0098470814269  -0.0398721140516     0.0     0.0
    4   0.0040547858537  -0.0406861776827     0.0     0.0
    5   0.0017341255233  -0.0409988592443     0.0     0.0
 MICROCYCLE DIIS UPDATE:                    5                    5
    6   0.0000605811948  -0.0412138627847     0.0     0.0
    7   0.0000201342039  -0.0412137744306     0.0     0.0
    8   0.0000098558588  -0.0412142276453     0.0     0.0
    9   0.0000049077027  -0.0412144552223     0.0     0.0
   10   0.0000024577485  -0.0412145581141     0.0     0.0
 MICROCYCLE DIIS UPDATE:                   10                    5
   11   0.0000000920985  -0.0412146506994     0.0     0.0
 -----------------------------------------------------------------
 Iterations converged
 CCSD correlation energy / hartree =        -0.041214650699359
 CCSD total energy / hartree       =       -74.699209997763873

 Singles contributions

 Doubles contributions

 Task  times  cpu:        0.2s     wall:        0.3s


                                NWChem Input Module
                                -------------------


 Summary of allocated global arrays
-----------------------------------
  No active global arrays



                         GA Statistics for process    0
                         ------------------------------

       create   destroy   get      put      acc     scatter   gather  read&inc
calls: 1752     1752     1.90e+04 1895     8859        0        0     9691     
number of processes/call -2.25e+14 -3.53e+15 5.47e+14 0.00e+00 0.00e+00
bytes total:             3.88e+06 2.82e+05 1.71e+06 0.00e+00 0.00e+00 7.75e+04
bytes remote:            2.27e+06 6.24e+04 1.07e+06 0.00e+00 0.00e+00 3.89e+04
Max memory consumed for GA by this process: 42536 bytes

MA_summarize_allocated_blocks: starting scan ...
MA_summarize_allocated_blocks: scan completed: 0 heap blocks, 0 stack blocks
MA usage statistics:

	allocation statistics:
					      heap	     stack
					      ----	     -----
	current number of blocks	         0	         0
	maximum number of blocks	        16	        39
	current total bytes		         0	         0
	maximum total bytes		     80104	  22509256
	maximum total K-bytes		        81	     22510
	maximum total M-bytes		         1	        23


                                     CITATION
                                     --------
                Please cite the following reference when publishing
                           results obtained with NWChem:

          E. Aprà, E. J. Bylaska, W. A. de Jong, N. Govind, K. Kowalski,
       T. P. Straatsma, M. Valiev, H. J. J. van Dam, Y. Alexeev, J. Anchell,
       V. Anisimov, F. W. Aquino, R. Atta-Fynn, J. Autschbach, N. P. Bauman,
     J. C. Becca, D. E. Bernholdt, K. Bhaskaran-Nair, S. Bogatko, P. Borowski,
        J. Boschen, J. Brabec, A. Bruner, E. Cauët, Y. Chen, G. N. Chuev,
      C. J. Cramer, J. Daily, M. J. O. Deegan, T. H. Dunning Jr., M. Dupuis,
   K. G. Dyall, G. I. Fann, S. A. Fischer, A. Fonari, H. Früchtl, L. Gagliardi,
      J. Garza, N. Gawande, S. Ghosh, K. Glaesemann, A. W. Götz, J. Hammond,
       V. Helms, E. D. Hermes, K. Hirao, S. Hirata, M. Jacquelin, L. Jensen,
   B. G. Johnson, H. Jónsson, R. A. Kendall, M. Klemm, R. Kobayashi, V. Konkov,
      S. Krishnamoorthy, M. Krishnan, Z. Lin, R. D. Lins, R. J. Littlefield,
      A. J. Logsdail, K. Lopata, W. Ma, A. V. Marenich, J. Martin del Campo,
   D. Mejia-Rodriguez, J. E. Moore, J. M. Mullin, T. Nakajima, D. R. Nascimento,
    J. A. Nichols, P. J. Nichols, J. Nieplocha, A. Otero-de-la-Roza, B. Palmer,
    A. Panyala, T. Pirojsirikul, B. Peng, R. Peverati, J. Pittner, L. Pollack,
   R. M. Richard, P. Sadayappan, G. C. Schatz, W. A. Shelton, D. W. Silverstein,
   D. M. A. Smith, T. A. Soares, D. Song, M. Swart, H. L. Taylor, G. S. Thomas,
            V. Tipparaju, D. G. Truhlar, K. Tsemekhman, T. Van Voorhis,
     Á. Vázquez-Mayagoitia, P. Verma, O. Villa, A. Vishnu, K. D. Vogiatzis,
        D. Wang, J. H. Weare, M. J. Williamson, T. L. Windus, K. Woliński,
        A. T. Wong, Q. Wu, C. Yang, Q. Yu, M. Zacharias, Z. Zhang, Y. Zhao,
                                and R. J. Harrison
                        "NWChem: Past, present, and future
                         J. Chem. Phys. 152, 184102 (2020)
                               doi:10.1063/5.0004997

                                      AUTHORS
                                      -------
     E. Apra, E. J. Bylaska, N. Govind, K. Kowalski, M. Valiev, W. A. de Jong,
      T. P. Straatsma, H. J. J. van Dam, D. Wang, T. L. Windus, N. P. Bauman,
       A. Panyala, J. Hammond, J. Autschbach, K. Bhaskaran-Nair, J. Brabec,
    K. Lopata, S. A. Fischer, S. Krishnamoorthy, M. Jacquelin, W. Ma, M. Klemm,
       O. Villa, Y. Chen, V. Anisimov, F. Aquino, S. Hirata, M. T. Hackler,
           Eric Hermes, L. Jensen, J. E. Moore, J. C. Becca, V. Konjkov,
            D. Mejia-Rodriguez, T. Risthaus, M. Malagoli, A. Marenich,
   A. Otero-de-la-Roza, J. Mullin, P. Nichols, R. Peverati, J. Pittner, Y. Zhao,
        P.-D. Fan, A. Fonari, M. J. Williamson, R. J. Harrison, J. R. Rehr,
      M. Dupuis, D. Silverstein, D. M. A. Smith, J. Nieplocha, V. Tipparaju,
      M. Krishnan, B. E. Van Kuiken, A. Vazquez-Mayagoitia, M. Swart, Q. Wu,
   T. Van Voorhis, A. A. Auer, M. Nooijen, L. D. Crosby, E. Brown, G. Cisneros,
     G. I. Fann, H. Fruchtl, J. Garza, K. Hirao, R. A. Kendall, J. A. Nichols,
       K. Tsemekhman, K. Wolinski, J. Anchell, D. E. Bernholdt, P. Borowski,
       T. Clark, D. Clerc, H. Dachsel, M. J. O. Deegan, K. Dyall, D. Elwood,
      E. Glendening, M. Gutowski, A. C. Hess, J. Jaffe, B. G. Johnson, J. Ju,
        R. Kobayashi, R. Kutteh, Z. Lin, R. Littlefield, X. Long, B. Meng,
      T. Nakajima, S. Niu, L. Pollack, M. Rosing, K. Glaesemann, G. Sandrone,
      M. Stave, H. Taylor, G. Thomas, J. H. van Lenthe, A. T. Wong, Z. Zhang.

 Total times  cpu:        0.5s     wall:        1.6s
